// Jest Snapshot v1, https://goo.gl/fbAQLP

exports[`misc functions debug! debug value 1`] = `
"*** LISPISH DEBUG ***
{
  \\"type\\": \\"user-defined\\",
  \\"arguments\\": {
    \\"mandatoryArguments\\": [
      \\"%1\\"
    ],
    \\"optionalArguments\\": []
  },
  \\"body\\": [
    {
      \\"type\\": \\"NormalExpression\\",
      \\"name\\": \\">\\",
      \\"params\\": [
        {
          \\"type\\": \\"Name\\",
          \\"value\\": \\"%1\\"
        },
        {
          \\"type\\": \\"Number\\",
          \\"value\\": 2
        }
      ]
    }
  ],
  \\"functionContext\\": {}
}
"
`;

exports[`misc functions debug! multiple contexts 1`] = `
"*** LISPISH DEBUG ***
Context 0
  z  10

Context 1 - Global context
  y  20

Context 2
  x     10
  foo   <user-defined function foo>
  bar   <user-defined function Î»>
  plus  <builtin function +>


"
`;
